// Jest Snapshot v1, https://goo.gl/fbAQLP

exports[`should render Header correctly 1`] = `
<header
  className="header"
>
  <div
    className="content-container"
  >
    <div
      className="header__content"
    >
      <Link
        activeClassName="is-active"
        className="header__title"
        replace={false}
        to="/dashboard"
      >
        <h1>
          Boilerplate
        </h1>
      </Link>
      <Link
        activeClassName="is-active"
        replace={false}
        to="/"
      >
        <button
          className="button button--link"
          onClick={[Function]}
        >
          Logout
        </button>
      </Link>
    </div>
  </div>
</header>
`;
