// Jest Snapshot v1, https://goo.gl/fbAQLP

exports[`should render Loading Page correctly 1`] = `
<div
  className="loader"
>
  <img
    alt="Loading pic"
    className="loader__image"
    src="/images/loader.gif"
  />
</div>
`;
